// Jest Snapshot v1, https://goo.gl/fbAQLP

exports[`renders correctly 1`] = `
<View
  collapsable={false}
>
  <View
    accessibilityState={
      Object {
        "disabled": false,
      }
    }
    accessible={true}
    focusable={true}
    onClick={[Function]}
    onResponderGrant={[Function]}
    onResponderMove={[Function]}
    onResponderRelease={[Function]}
    onResponderTerminate={[Function]}
    onResponderTerminationRequest={[Function]}
    onStartShouldSetResponder={[Function]}
    style={
      Array [
        false,
        Array [
          Object {
            "padding": 8,
          },
          undefined,
        ],
      ]
    }
  >
    <View
      style={
        Object {
          "flexDirection": "row",
        }
      }
    >
      <View
        style={
          Array [
            Object {
              "marginVertical": 6,
              "paddingLeft": 8,
            },
            Object {
              "flex": 1,
              "justifyContent": "center",
            },
          ]
        }
      >
        <Text
          numberOfLines={1}
          selectable={false}
          style={
            Array [
              Object {
                "color": "#000000",
                "fontFamily": "System",
                "fontWeight": "400",
              },
              Object {
                "textAlign": "left",
              },
              Array [
                Object {
                  "fontSize": 16,
                },
                Object {
                  "color": "rgba(0, 0, 0, 0.87)",
                },
                Object {},
              ],
            ]
          }
        >
          Language
        </Text>
      </View>
      <Text
        style={
          Array [
            Object {
              "color": "#000000",
              "fontFamily": "System",
              "fontWeight": "400",
            },
            Object {
              "textAlign": "left",
            },
            Array [
              Object {
                "textAlign": "left",
              },
              Object {
                "color": "rgba(0, 0, 0, 0.87)",
                "fontFamily": "System",
                "fontWeight": "400",
                "writingDirection": "ltr",
              },
              Array [
                Object {
                  "fontSize": 16,
                  "letterSpacing": 0.5,
                  "lineHeight": 24,
                  "marginVertical": 2,
                },
                undefined,
              ],
            ],
          ]
        }
      >
        English
      </Text>
    </View>
  </View>
</View>
`;
