// Jest Snapshot v1, https://goo.gl/fbAQLP

exports[`renders correctly 1`] = `
<View
  accessible={true}
  focusable={true}
  isTVSelectable={true}
  onClick={[Function]}
  onResponderGrant={[Function]}
  onResponderMove={[Function]}
  onResponderRelease={[Function]}
  onResponderTerminate={[Function]}
  onResponderTerminationRequest={[Function]}
  onStartShouldSetResponder={[Function]}
  style={
    Array [
      false,
      Array [
        Object {
          "padding": 8,
        },
        undefined,
      ],
    ]
  }
>
  <View
    style={
      Object {
        "flexDirection": "row",
      }
    }
  >
    <View
      style={
        Array [
          Object {
            "marginVertical": 6,
            "paddingLeft": 8,
          },
          Object {
            "flex": 1,
            "justifyContent": "center",
          },
        ]
      }
    >
      <Text
        numberOfLines={1}
        style={
          Array [
            Object {
              "color": "#000000",
              "fontFamily": "System",
              "fontWeight": "400",
              "textAlign": "left",
            },
            Array [
              Object {
                "fontSize": 16,
              },
              Object {
                "color": "rgba(0, 0, 0, 0.87)",
              },
              undefined,
            ],
          ]
        }
      >
        MyTitle
      </Text>
    </View>
  </View>
</View>
`;
