// Jest Snapshot v1, https://goo.gl/fbAQLP

exports[`renders correctly 1`] = `
<View
  style={
    Object {
      "alignItems": "center",
      "backgroundColor": "#b52424",
      "flexDirection": "row",
      "height": 30,
      "justifyContent": "center",
    }
  }
>
  <Text
    style={
      Object {
        "color": "#fff",
      }
    }
  >
    No Internet Connection
  </Text>
</View>
`;
