// Jest Snapshot v1, https://goo.gl/fbAQLP

exports[`renders correctly 1`] = `
<View
  style={
    Object {
      "marginTop": 8,
    }
  }
>
  <View
    style={
      Object {
        "marginBottom": 8,
      }
    }
  >
    <View>
      <View
        pointerEvents="none"
        style={
          Array [
            Object {
              "bottom": 0,
              "left": 0,
              "position": "absolute",
              "right": 0,
              "top": 6,
            },
            Object {
              "backgroundColor": "#f6f6f6",
              "borderColor": "rgba(0, 0, 0, 0.54)",
              "borderRadius": 4,
              "borderWidth": 1,
            },
          ]
        }
      />
      <View
        style={
          Object {
            "minHeight": 64,
            "paddingBottom": 0,
            "paddingTop": 8,
          }
        }
      >
        <View
          pointerEvents="none"
          style={
            Object {
              "bottom": 0,
              "left": 0,
              "opacity": 1,
              "position": "absolute",
              "right": 0,
              "top": 0,
              "transform": Array [
                Object {
                  "translateX": 0,
                },
              ],
            }
          }
        >
          <View
            pointerEvents="none"
            style={
              Object {
                "backgroundColor": "#f6f6f6",
                "bottom": 0,
                "height": 2,
                "left": 10,
                "opacity": 0,
                "position": "absolute",
                "right": 0,
                "top": 6,
                "transform": Array [
                  Object {
                    "translateX": 0,
                  },
                ],
                "width": 8,
              }
            }
          />
          <Text
            numberOfLines={1}
            style={
              Object {
                "backgroundColor": "#f6f6f6",
                "color": "transparent",
                "fontFamily": "System",
                "fontSize": 16,
                "fontWeight": undefined,
                "left": 18,
                "opacity": 0,
                "paddingHorizontal": 0,
                "position": "absolute",
                "textAlign": "left",
                "top": 37,
                "transform": Array [
                  Object {
                    "translateX": 0,
                  },
                  Object {
                    "translateY": 0,
                  },
                  Object {
                    "scale": 1,
                  },
                  Object {
                    "scaleY": 1,
                  },
                ],
                "writingDirection": "ltr",
              }
            }
          >
            Awesome Message
          </Text>
          <Text
            numberOfLines={1}
            onLayout={[Function]}
            style={
              Object {
                "color": "#6200ee",
                "fontFamily": "System",
                "fontSize": 16,
                "fontWeight": undefined,
                "left": 0,
                "opacity": 0,
                "paddingHorizontal": 14,
                "position": "absolute",
                "textAlign": "left",
                "top": 36,
                "transform": Array [
                  Object {
                    "translateX": 0,
                  },
                  Object {
                    "translateY": 0,
                  },
                  Object {
                    "scale": 1,
                  },
                ],
                "writingDirection": "ltr",
              }
            }
          >
            Awesome Message
          </Text>
          <Text
            numberOfLines={1}
            style={
              Object {
                "color": "rgba(0, 0, 0, 0.54)",
                "fontFamily": "System",
                "fontSize": 16,
                "fontWeight": undefined,
                "left": 0,
                "opacity": 1,
                "paddingHorizontal": 14,
                "position": "absolute",
                "textAlign": "left",
                "top": 36,
                "transform": Array [
                  Object {
                    "translateX": 0,
                  },
                  Object {
                    "translateY": 0,
                  },
                  Object {
                    "scale": 1,
                  },
                ],
                "writingDirection": "ltr",
              }
            }
          >
            Awesome Message
          </Text>
        </View>
        <TextInput
          allowFontScaling={true}
          autoCapitalize="sentences"
          editable={true}
          maxLength={200}
          multiline={false}
          onBlur={[Function]}
          onChangeText={[Function]}
          onFocus={[Function]}
          placeholder=""
          placeholderTextColor="rgba(0, 0, 0, 0.54)"
          rejectResponderTermination={true}
          selectionColor="#6200ee"
          style={
            Array [
              Object {
                "flexGrow": 1,
                "margin": 0,
                "paddingHorizontal": 14,
                "textAlign": "left",
                "zIndex": 1,
              },
              Object {
                "height": 56,
              },
              Object {
                "paddingBottom": 0,
                "paddingTop": 0,
              },
              Object {
                "color": "#000000",
                "fontFamily": "System",
                "fontSize": 16,
                "fontWeight": undefined,
                "textAlignVertical": "center",
              },
            ]
          }
          underlineColorAndroid="transparent"
          value=""
        />
      </View>
    </View>
  </View>
  <View
    style={
      Object {
        "marginBottom": 8,
      }
    }
  >
    <View>
      <View
        pointerEvents="none"
        style={
          Array [
            Object {
              "bottom": 0,
              "left": 0,
              "position": "absolute",
              "right": 0,
              "top": 6,
            },
            Object {
              "backgroundColor": "#f6f6f6",
              "borderColor": "rgba(0, 0, 0, 0.54)",
              "borderRadius": 4,
              "borderWidth": 1,
            },
          ]
        }
      />
      <View
        style={
          Object {
            "minHeight": 64,
            "paddingBottom": 0,
            "paddingTop": 8,
          }
        }
      >
        <View
          pointerEvents="none"
          style={
            Object {
              "bottom": 0,
              "left": 0,
              "opacity": 1,
              "position": "absolute",
              "right": 0,
              "top": 0,
              "transform": Array [
                Object {
                  "translateX": 0,
                },
              ],
            }
          }
        >
          <View
            pointerEvents="none"
            style={
              Object {
                "backgroundColor": "#f6f6f6",
                "bottom": 0,
                "height": 2,
                "left": 10,
                "opacity": 0,
                "position": "absolute",
                "right": 0,
                "top": 6,
                "transform": Array [
                  Object {
                    "translateX": 0,
                  },
                ],
                "width": 8,
              }
            }
          />
          <Text
            numberOfLines={1}
            style={
              Object {
                "backgroundColor": "#f6f6f6",
                "color": "transparent",
                "fontFamily": "System",
                "fontSize": 16,
                "fontWeight": undefined,
                "left": 18,
                "opacity": 0,
                "paddingHorizontal": 0,
                "position": "absolute",
                "textAlign": "left",
                "top": 37,
                "transform": Array [
                  Object {
                    "translateX": 0,
                  },
                  Object {
                    "translateY": 0,
                  },
                  Object {
                    "scale": 1,
                  },
                  Object {
                    "scaleY": 1,
                  },
                ],
                "writingDirection": "ltr",
              }
            }
          >
            First Name
          </Text>
          <Text
            numberOfLines={1}
            onLayout={[Function]}
            style={
              Object {
                "color": "#6200ee",
                "fontFamily": "System",
                "fontSize": 16,
                "fontWeight": undefined,
                "left": 0,
                "opacity": 0,
                "paddingHorizontal": 14,
                "position": "absolute",
                "textAlign": "left",
                "top": 36,
                "transform": Array [
                  Object {
                    "translateX": 0,
                  },
                  Object {
                    "translateY": 0,
                  },
                  Object {
                    "scale": 1,
                  },
                ],
                "writingDirection": "ltr",
              }
            }
          >
            First Name
          </Text>
          <Text
            numberOfLines={1}
            style={
              Object {
                "color": "rgba(0, 0, 0, 0.54)",
                "fontFamily": "System",
                "fontSize": 16,
                "fontWeight": undefined,
                "left": 0,
                "opacity": 1,
                "paddingHorizontal": 14,
                "position": "absolute",
                "textAlign": "left",
                "top": 36,
                "transform": Array [
                  Object {
                    "translateX": 0,
                  },
                  Object {
                    "translateY": 0,
                  },
                  Object {
                    "scale": 1,
                  },
                ],
                "writingDirection": "ltr",
              }
            }
          >
            First Name
          </Text>
        </View>
        <TextInput
          allowFontScaling={true}
          autoCapitalize="sentences"
          editable={true}
          maxLength={50}
          multiline={false}
          onBlur={[Function]}
          onChangeText={[Function]}
          onFocus={[Function]}
          placeholder=""
          placeholderTextColor="rgba(0, 0, 0, 0.54)"
          rejectResponderTermination={true}
          selectionColor="#6200ee"
          style={
            Array [
              Object {
                "flexGrow": 1,
                "margin": 0,
                "paddingHorizontal": 14,
                "textAlign": "left",
                "zIndex": 1,
              },
              Object {
                "height": 56,
              },
              Object {
                "paddingBottom": 0,
                "paddingTop": 0,
              },
              Object {
                "color": "#000000",
                "fontFamily": "System",
                "fontSize": 16,
                "fontWeight": undefined,
                "textAlignVertical": "center",
              },
            ]
          }
          underlineColorAndroid="transparent"
          value=""
        />
      </View>
    </View>
  </View>
  <View
    style={
      Object {
        "marginBottom": 8,
      }
    }
  >
    <View>
      <View
        pointerEvents="none"
        style={
          Array [
            Object {
              "bottom": 0,
              "left": 0,
              "position": "absolute",
              "right": 0,
              "top": 6,
            },
            Object {
              "backgroundColor": "#f6f6f6",
              "borderColor": "rgba(0, 0, 0, 0.54)",
              "borderRadius": 4,
              "borderWidth": 1,
            },
          ]
        }
      />
      <View
        style={
          Object {
            "minHeight": 64,
            "paddingBottom": 0,
            "paddingTop": 8,
          }
        }
      >
        <View
          pointerEvents="none"
          style={
            Object {
              "bottom": 0,
              "left": 0,
              "opacity": 1,
              "position": "absolute",
              "right": 0,
              "top": 0,
              "transform": Array [
                Object {
                  "translateX": 0,
                },
              ],
            }
          }
        >
          <View
            pointerEvents="none"
            style={
              Object {
                "backgroundColor": "#f6f6f6",
                "bottom": 0,
                "height": 2,
                "left": 10,
                "opacity": 0,
                "position": "absolute",
                "right": 0,
                "top": 6,
                "transform": Array [
                  Object {
                    "translateX": 0,
                  },
                ],
                "width": 8,
              }
            }
          />
          <Text
            numberOfLines={1}
            style={
              Object {
                "backgroundColor": "#f6f6f6",
                "color": "transparent",
                "fontFamily": "System",
                "fontSize": 16,
                "fontWeight": undefined,
                "left": 18,
                "opacity": 0,
                "paddingHorizontal": 0,
                "position": "absolute",
                "textAlign": "left",
                "top": 37,
                "transform": Array [
                  Object {
                    "translateX": 0,
                  },
                  Object {
                    "translateY": 0,
                  },
                  Object {
                    "scale": 1,
                  },
                  Object {
                    "scaleY": 1,
                  },
                ],
                "writingDirection": "ltr",
              }
            }
          >
            Country
          </Text>
          <Text
            numberOfLines={1}
            onLayout={[Function]}
            style={
              Object {
                "color": "#6200ee",
                "fontFamily": "System",
                "fontSize": 16,
                "fontWeight": undefined,
                "left": 0,
                "opacity": 0,
                "paddingHorizontal": 14,
                "position": "absolute",
                "textAlign": "left",
                "top": 36,
                "transform": Array [
                  Object {
                    "translateX": 0,
                  },
                  Object {
                    "translateY": 0,
                  },
                  Object {
                    "scale": 1,
                  },
                ],
                "writingDirection": "ltr",
              }
            }
          >
            Country
          </Text>
          <Text
            numberOfLines={1}
            style={
              Object {
                "color": "rgba(0, 0, 0, 0.54)",
                "fontFamily": "System",
                "fontSize": 16,
                "fontWeight": undefined,
                "left": 0,
                "opacity": 1,
                "paddingHorizontal": 14,
                "position": "absolute",
                "textAlign": "left",
                "top": 36,
                "transform": Array [
                  Object {
                    "translateX": 0,
                  },
                  Object {
                    "translateY": 0,
                  },
                  Object {
                    "scale": 1,
                  },
                ],
                "writingDirection": "ltr",
              }
            }
          >
            Country
          </Text>
        </View>
        <TextInput
          allowFontScaling={true}
          autoCapitalize="sentences"
          editable={true}
          maxLength={50}
          multiline={false}
          onBlur={[Function]}
          onChangeText={[Function]}
          onFocus={[Function]}
          placeholder=""
          placeholderTextColor="rgba(0, 0, 0, 0.54)"
          rejectResponderTermination={true}
          selectionColor="#6200ee"
          style={
            Array [
              Object {
                "flexGrow": 1,
                "margin": 0,
                "paddingHorizontal": 14,
                "textAlign": "left",
                "zIndex": 1,
              },
              Object {
                "height": 56,
              },
              Object {
                "paddingBottom": 0,
                "paddingTop": 0,
              },
              Object {
                "color": "#000000",
                "fontFamily": "System",
                "fontSize": 16,
                "fontWeight": undefined,
                "textAlignVertical": "center",
              },
            ]
          }
          underlineColorAndroid="transparent"
          value=""
        />
      </View>
    </View>
  </View>
  <View
    style={
      Object {
        "backgroundColor": "rgba(0, 0, 0, 0.12)",
        "borderColor": "transparent",
        "borderRadius": 4,
        "borderStyle": "solid",
        "borderWidth": 0,
        "elevation": 0,
        "marginTop": 8,
        "minWidth": 64,
      }
    }
  >
    <View
      accessibilityRole="button"
      accessibilityStates={
        Array [
          "disabled",
        ]
      }
      accessible={true}
      focusable={true}
      isTVSelectable={true}
      onClick={[Function]}
      onResponderGrant={[Function]}
      onResponderMove={[Function]}
      onResponderRelease={[Function]}
      onResponderTerminate={[Function]}
      onResponderTerminationRequest={[Function]}
      onStartShouldSetResponder={[Function]}
      style={
        Array [
          Object {
            "overflow": "hidden",
          },
          Object {
            "borderRadius": 4,
          },
        ]
      }
    >
      <View
        style={
          Array [
            Object {
              "alignItems": "center",
              "flexDirection": "row",
              "justifyContent": "center",
            },
            undefined,
          ]
        }
      >
        <Text
          numberOfLines={1}
          style={
            Array [
              Object {
                "color": "#000000",
                "fontFamily": "System",
                "fontWeight": "400",
                "textAlign": "left",
              },
              Array [
                Object {
                  "letterSpacing": 1,
                  "marginHorizontal": 16,
                  "marginVertical": 9,
                  "textAlign": "center",
                },
                undefined,
                Object {
                  "textTransform": "uppercase",
                },
                Object {
                  "color": "rgba(0, 0, 0, 0.32)",
                  "fontFamily": "System",
                  "fontWeight": "500",
                },
                Object {
                  "fontFamily": "System",
                  "fontWeight": "500",
                },
                undefined,
              ],
            ]
          }
        >
          Submit
        </Text>
      </View>
    </View>
  </View>
</View>
`;
