// Jest Snapshot v1, https://goo.gl/fbAQLP

exports[`renders correctly 1`] = `
<View
  style={
    Object {
      "alignItems": "center",
      "backgroundColor": "#B00020",
      "flexDirection": "row",
      "height": 30,
      "justifyContent": "center",
      "marginHorizontal": -100,
    }
  }
>
  <Text
    style={
      Array [
        Object {
          "color": "#000000",
          "fontFamily": "System",
          "fontWeight": "400",
          "textAlign": "left",
        },
        Object {
          "color": "white",
        },
      ]
    }
  >
    No Internet Connection
  </Text>
</View>
`;
